---
source: compiler-core/src/erlang/tests/strings.rs
expression: "\nconst big_concat = \"a\" <> \"b\" <> \"c\" <> \"d\" <> \"e\" <> \"f\" <> \"g\" <> \"h\" <> \"i\" <> \"j\" <> \"k\" <> \"l\" <> \"m\" <> \"n\" <> \"o\" <> \"p\" <> \"q\" <> \"r\" <> \"s\" <> \"t\" <> \"u\" <> \"v\" <> \"w\" <> \"x\" <> \"y\" <> \"z\"\n\npub fn main() {\n  big_concat\n}\n"
---
----- SOURCE CODE

const big_concat = "a" <> "b" <> "c" <> "d" <> "e" <> "f" <> "g" <> "h" <> "i" <> "j" <> "k" <> "l" <> "m" <> "n" <> "o" <> "p" <> "q" <> "r" <> "s" <> "t" <> "u" <> "v" <> "w" <> "x" <> "y" <> "z"

pub fn main() {
  big_concat
}


----- COMPILED ERLANG
-module(my@mod).
-compile([no_auto_import, nowarn_unused_vars, nowarn_unused_function, nowarn_nomatch]).

-export([main/0]).

-file("/root/project/test/my/mod.gleam", 4).
-spec main() -> binary().
main() ->
    <<"abcdefghijklmnopqrstuvwxyz"/utf8>>.
